-
    attributes: {  }
    startTime: 1747753696269910233
    endTime: 1747753696269969150
    id: '0'
    name: first
    trace: { name: Laravel, attributes: { host.name: static.host.name.for.tests } }
    attributeProviders: {  }
    parentSpan: null
-
    attributes: {  }
    startTime: 1747753696269972900
    endTime: 1747753696270018650
    id: '1'
    name: second
    trace: { name: Laravel, attributes: { host.name: static.host.name.for.tests } }
    attributeProviders: {  }
    parentSpan: null
