-
    attributes: {  }
    startTime: 1747753696242241900
    endTime: 1747753696242295775
    id: '1'
    name: child
    trace: { name: Laravel, attributes: { host.name: static.host.name.for.tests } }
    attributeProviders: {  }
    parentSpan: { attributes: {  }, startTime: 1747753696242089317, endTime: 1747753696242331692, id: '0', name: parent, trace: { name: Laravel, attributes: { host.name: static.host.name.for.tests } }, attributeProviders: {  }, parentSpan: null }
-
    attributes: {  }
    startTime: 1747753696242089317
    endTime: 1747753696242331692
    id: '0'
    name: parent
    trace: { name: Laravel, attributes: { host.name: static.host.name.for.tests } }
    attributeProviders: {  }
    parentSpan: null
